2026-09-22 05:13:25.525: [INFO] CurrentProfilePath: E:\Codegnan\Advance-Java\.metadata\.plugins\org.eclipse.swt\EBWebView\Default
2026-09-22 05:13:25.525: [INFO] Profiles total count: 1
2026-09-22 05:13:25.525: [INFO] Profile: name=Profile 1 path=E:\Codegnan\Advance-Java\.metadata\.plugins\org.eclipse.swt\EBWebView\Default lastActive=null
2026-09-22 05:13:25.525: [INFO] LastUsedProfileDir: E:\Codegnan\Advance-Java\.metadata\.plugins\org.eclipse.swt\EBWebView\Default
2026-09-22 05:13:25.525: [INFO] OnDoneLoading sync enabled: 0
2026-09-22 05:13:25.525: [INFO] BookmarkModelLoaded, ids_reassigned: 0
2026-09-22 05:13:25.525: [INFO] BookmarksLoadDropped droppedNodes=0
2026-09-22 05:13:25.525: [INFO] BookmarksSnapshot Startup total=0 bar=0 other=0 mobile=0 showBar=0 showBarNTP=1
2026-09-22 05:13:42.716: [INFO] BookmarksSnapshot Shutdown total=0 bar=0 other=0 mobile=0 showBar=0 showBarNTP=1
2026-09-23 05:00:11.073: [INFO] CurrentProfilePath: E:\Codegnan\Advance-Java\.metadata\.plugins\org.eclipse.swt\EBWebView\Default
2026-09-23 05:00:11.073: [INFO] Profiles total count: 1
2026-09-23 05:00:11.073: [INFO] Profile: name=Profile 1 path=E:\Codegnan\Advance-Java\.metadata\.plugins\org.eclipse.swt\EBWebView\Default lastActive=2026-09-22T05:13:26.245Z
2026-09-23 05:00:11.073: [INFO] LastUsedProfileDir: E:\Codegnan\Advance-Java\.metadata\.plugins\org.eclipse.swt\EBWebView\Default
2026-09-23 05:00:11.073: [INFO] MostRecentlyActiveProfile: name=Profile 1 path=E:\Codegnan\Advance-Java\.metadata\.plugins\org.eclipse.swt\EBWebView\Default lastActive=2026-09-22T05:13:26.245Z
2026-09-23 05:00:11.073: [INFO] OnDoneLoading sync enabled: 0
2026-09-23 05:00:11.073: [INFO] BookmarkModelLoaded, ids_reassigned: 0
2026-09-23 05:00:11.073: [INFO] BookmarksLoadDropped droppedNodes=0
2026-09-23 05:00:11.073: [INFO] BookmarksSnapshot Startup total=0 bar=0 other=0 mobile=0 showBar=0 showBarNTP=1
2026-09-23 05:00:14.982: [INFO] BookmarksSnapshot Shutdown total=0 bar=0 other=0 mobile=0 showBar=0 showBarNTP=1
2026-09-23 05:29:08.831: [INFO] CurrentProfilePath: E:\Codegnan\Advance-Java\.metadata\.plugins\org.eclipse.swt\EBWebView\Default
2026-09-23 05:29:08.831: [INFO] Profiles total count: 1
2026-09-23 05:29:08.831: [INFO] Profile: name=Profile 1 path=E:\Codegnan\Advance-Java\.metadata\.plugins\org.eclipse.swt\EBWebView\Default lastActive=2026-09-22T05:13:26.245Z
2026-09-23 05:29:08.831: [INFO] LastUsedProfileDir: E:\Codegnan\Advance-Java\.metadata\.plugins\org.eclipse.swt\EBWebView\Default
2026-09-23 05:29:08.831: [INFO] MostRecentlyActiveProfile: name=Profile 1 path=E:\Codegnan\Advance-Java\.metadata\.plugins\org.eclipse.swt\EBWebView\Default lastActive=2026-09-22T05:13:26.245Z
2026-09-23 05:29:08.831: [INFO] OnDoneLoading sync enabled: 0
2026-09-23 05:29:08.831: [INFO] BookmarkModelLoaded, ids_reassigned: 0
2026-09-23 05:29:08.831: [INFO] BookmarksLoadDropped droppedNodes=0
2026-09-23 05:29:08.831: [INFO] BookmarksSnapshot Startup total=0 bar=0 other=0 mobile=0 showBar=0 showBarNTP=1
2026-09-23 05:30:35.738: [INFO] BookmarksSnapshot Shutdown total=0 bar=0 other=0 mobile=0 showBar=0 showBarNTP=1
2026-09-23 05:32:36.744: [INFO] CurrentProfilePath: E:\Codegnan\Advance-Java\.metadata\.plugins\org.eclipse.swt\EBWebView\Default
2026-09-23 05:32:36.744: [INFO] Profiles total count: 1
2026-09-23 05:32:36.744: [INFO] Profile: name=Profile 1 path=E:\Codegnan\Advance-Java\.metadata\.plugins\org.eclipse.swt\EBWebView\Default lastActive=2026-09-22T05:13:26.245Z
2026-09-23 05:32:36.744: [INFO] LastUsedProfileDir: E:\Codegnan\Advance-Java\.metadata\.plugins\org.eclipse.swt\EBWebView\Default
2026-09-23 05:32:36.744: [INFO] MostRecentlyActiveProfile: name=Profile 1 path=E:\Codegnan\Advance-Java\.metadata\.plugins\org.eclipse.swt\EBWebView\Default lastActive=2026-09-22T05:13:26.245Z
2026-09-23 05:32:36.744: [INFO] OnDoneLoading sync enabled: 0
2026-09-23 05:32:36.744: [INFO] BookmarkModelLoaded, ids_reassigned: 0
2026-09-23 05:32:36.744: [INFO] BookmarksLoadDropped droppedNodes=0
2026-09-23 05:32:36.744: [INFO] BookmarksSnapshot Startup total=0 bar=0 other=0 mobile=0 showBar=0 showBarNTP=1
2026-09-23 05:32:46.970: [INFO] BookmarksSnapshot Shutdown total=0 bar=0 other=0 mobile=0 showBar=0 showBarNTP=1
2026-09-23 05:32:50.760: [INFO] CurrentProfilePath: E:\Codegnan\Advance-Java\.metadata\.plugins\org.eclipse.swt\EBWebView\Default
2026-09-23 05:32:50.760: [INFO] Profiles total count: 1
2026-09-23 05:32:50.760: [INFO] Profile: name=Profile 1 path=E:\Codegnan\Advance-Java\.metadata\.plugins\org.eclipse.swt\EBWebView\Default lastActive=2026-09-22T05:13:26.245Z
2026-09-23 05:32:50.760: [INFO] LastUsedProfileDir: E:\Codegnan\Advance-Java\.metadata\.plugins\org.eclipse.swt\EBWebView\Default
2026-09-23 05:32:50.760: [INFO] MostRecentlyActiveProfile: name=Profile 1 path=E:\Codegnan\Advance-Java\.metadata\.plugins\org.eclipse.swt\EBWebView\Default lastActive=2026-09-22T05:13:26.245Z
2026-09-23 05:32:50.760: [INFO] OnDoneLoading sync enabled: 0
2026-09-23 05:32:50.760: [INFO] BookmarkModelLoaded, ids_reassigned: 0
2026-09-23 05:32:50.760: [INFO] BookmarksLoadDropped droppedNodes=0
2026-09-23 05:32:50.760: [INFO] BookmarksSnapshot Startup total=0 bar=0 other=0 mobile=0 showBar=0 showBarNTP=1
2026-09-23 05:36:46.529: [INFO] BookmarksSnapshot Shutdown total=0 bar=0 other=0 mobile=0 showBar=0 showBarNTP=1
2026-09-24 04:16:12.613: [INFO] CurrentProfilePath: E:\Codegnan\Advance-Java\.metadata\.plugins\org.eclipse.swt\EBWebView\Default
2026-09-24 04:16:12.613: [INFO] Profiles total count: 1
2026-09-24 04:16:12.613: [INFO] Profile: name=Profile 1 path=E:\Codegnan\Advance-Java\.metadata\.plugins\org.eclipse.swt\EBWebView\Default lastActive=2026-09-22T05:13:26.245Z
2026-09-24 04:16:12.613: [INFO] LastUsedProfileDir: E:\Codegnan\Advance-Java\.metadata\.plugins\org.eclipse.swt\EBWebView\Default
2026-09-24 04:16:12.613: [INFO] MostRecentlyActiveProfile: name=Profile 1 path=E:\Codegnan\Advance-Java\.metadata\.plugins\org.eclipse.swt\EBWebView\Default lastActive=2026-09-22T05:13:26.245Z
2026-09-24 04:16:12.613: [INFO] OnDoneLoading sync enabled: 0
2026-09-24 04:16:12.613: [INFO] BookmarkModelLoaded, ids_reassigned: 0
2026-09-24 04:16:12.613: [INFO] BookmarksLoadDropped droppedNodes=0
2026-09-24 04:16:12.613: [INFO] BookmarksSnapshot Startup total=0 bar=0 other=0 mobile=0 showBar=0 showBarNTP=1
2026-09-24 05:21:21.261: [INFO] BookmarksSnapshot Shutdown total=0 bar=0 other=0 mobile=0 showBar=0 showBarNTP=1
2026-09-24 05:34:35.692: [INFO] CurrentProfilePath: E:\Codegnan\Advance-Java\.metadata\.plugins\org.eclipse.swt\EBWebView\Default
2026-09-24 05:34:35.692: [INFO] Profiles total count: 1
2026-09-24 05:34:35.692: [INFO] Profile: name=Profile 1 path=E:\Codegnan\Advance-Java\.metadata\.plugins\org.eclipse.swt\EBWebView\Default lastActive=2026-09-22T05:13:26.245Z
2026-09-24 05:34:35.692: [INFO] LastUsedProfileDir: E:\Codegnan\Advance-Java\.metadata\.plugins\org.eclipse.swt\EBWebView\Default
2026-09-24 05:34:35.692: [INFO] MostRecentlyActiveProfile: name=Profile 1 path=E:\Codegnan\Advance-Java\.metadata\.plugins\org.eclipse.swt\EBWebView\Default lastActive=2026-09-22T05:13:26.245Z
2026-09-24 05:34:35.692: [INFO] OnDoneLoading sync enabled: 0
2026-09-24 05:34:35.692: [INFO] BookmarkModelLoaded, ids_reassigned: 0
2026-09-24 05:34:35.692: [INFO] BookmarksLoadDropped droppedNodes=0
2026-09-24 05:34:35.692: [INFO] BookmarksSnapshot Startup total=0 bar=0 other=0 mobile=0 showBar=0 showBarNTP=1
2026-09-24 05:35:27.165: [INFO] BookmarksSnapshot Shutdown total=0 bar=0 other=0 mobile=0 showBar=0 showBarNTP=1
2026-09-29 04:40:17.799: [INFO] CurrentProfilePath: E:\Codegnan\Advance-Java\.metadata\.plugins\org.eclipse.swt\EBWebView\Default
2026-09-29 04:40:17.799: [INFO] Profiles total count: 1
2026-09-29 04:40:17.799: [INFO] Profile: name=Profile 1 path=E:\Codegnan\Advance-Java\.metadata\.plugins\org.eclipse.swt\EBWebView\Default lastActive=2026-09-22T05:13:26.245Z
2026-09-29 04:40:17.799: [INFO] LastUsedProfileDir: E:\Codegnan\Advance-Java\.metadata\.plugins\org.eclipse.swt\EBWebView\Default
2026-09-29 04:40:17.799: [INFO] MostRecentlyActiveProfile: name=Profile 1 path=E:\Codegnan\Advance-Java\.metadata\.plugins\org.eclipse.swt\EBWebView\Default lastActive=2026-09-22T05:13:26.245Z
2026-09-29 04:40:17.799: [INFO] OnDoneLoading sync enabled: 0
2026-09-29 04:40:17.799: [INFO] BookmarkModelLoaded, ids_reassigned: 0
2026-09-29 04:40:17.799: [INFO] BookmarksLoadDropped droppedNodes=0
2026-09-29 04:40:17.799: [INFO] BookmarksSnapshot Startup total=0 bar=0 other=0 mobile=0 showBar=0 showBarNTP=1
2026-09-29 04:40:19.248: [INFO] BookmarksSnapshot Shutdown total=0 bar=0 other=0 mobile=0 showBar=0 showBarNTP=1
2026-09-29 04:58:21.730: [INFO] CurrentProfilePath: E:\Codegnan\Advance-Java\.metadata\.plugins\org.eclipse.swt\EBWebView\Default
2026-09-29 04:58:21.730: [INFO] Profiles total count: 1
2026-09-29 04:58:21.730: [INFO] Profile: name=Profile 1 path=E:\Codegnan\Advance-Java\.metadata\.plugins\org.eclipse.swt\EBWebView\Default lastActive=2026-09-22T05:13:26.245Z
2026-09-29 04:58:21.730: [INFO] LastUsedProfileDir: E:\Codegnan\Advance-Java\.metadata\.plugins\org.eclipse.swt\EBWebView\Default
2026-09-29 04:58:21.730: [INFO] MostRecentlyActiveProfile: name=Profile 1 path=E:\Codegnan\Advance-Java\.metadata\.plugins\org.eclipse.swt\EBWebView\Default lastActive=2026-09-22T05:13:26.245Z
2026-09-29 04:58:21.730: [INFO] OnDoneLoading sync enabled: 0
2026-09-29 04:58:21.730: [INFO] BookmarkModelLoaded, ids_reassigned: 0
2026-09-29 04:58:21.730: [INFO] BookmarksLoadDropped droppedNodes=0
2026-09-29 04:58:21.730: [INFO] BookmarksSnapshot Startup total=0 bar=0 other=0 mobile=0 showBar=0 showBarNTP=1
2026-09-29 04:58:27.258: [INFO] BookmarksSnapshot Shutdown total=0 bar=0 other=0 mobile=0 showBar=0 showBarNTP=1
2026-10-06 04:35:05.018: [INFO] CurrentProfilePath: E:\Codegnan\Advance-Java\.metadata\.plugins\org.eclipse.swt\EBWebView\Default
2026-10-06 04:35:05.018: [INFO] Profiles total count: 1
2026-10-06 04:35:05.018: [INFO] Profile: name=Profile 1 path=E:\Codegnan\Advance-Java\.metadata\.plugins\org.eclipse.swt\EBWebView\Default lastActive=2026-09-22T05:13:26.245Z
2026-10-06 04:35:05.018: [INFO] LastUsedProfileDir: E:\Codegnan\Advance-Java\.metadata\.plugins\org.eclipse.swt\EBWebView\Default
2026-10-06 04:35:05.018: [INFO] MostRecentlyActiveProfile: name=Profile 1 path=E:\Codegnan\Advance-Java\.metadata\.plugins\org.eclipse.swt\EBWebView\Default lastActive=2026-09-22T05:13:26.245Z
2026-10-06 04:35:05.018: [INFO] OnDoneLoading sync enabled: 0
2026-10-06 04:35:05.018: [INFO] BookmarkModelLoaded, ids_reassigned: 0
2026-10-06 04:35:05.018: [INFO] BookmarksLoadDropped droppedNodes=0
2026-10-06 04:35:05.018: [INFO] BookmarksSnapshot Startup total=0 bar=0 other=0 mobile=0 showBar=0 showBarNTP=1
2026-10-06 04:35:08.362: [INFO] BookmarksSnapshot Shutdown total=0 bar=0 other=0 mobile=0 showBar=0 showBarNTP=1
2026-10-06 04:49:21.385: [INFO] CurrentProfilePath: E:\Codegnan\Advance-Java\.metadata\.plugins\org.eclipse.swt\EBWebView\Default
2026-10-06 04:49:21.385: [INFO] Profiles total count: 1
2026-10-06 04:49:21.385: [INFO] Profile: name=Profile 1 path=E:\Codegnan\Advance-Java\.metadata\.plugins\org.eclipse.swt\EBWebView\Default lastActive=2026-09-22T05:13:26.245Z
2026-10-06 04:49:21.385: [INFO] LastUsedProfileDir: E:\Codegnan\Advance-Java\.metadata\.plugins\org.eclipse.swt\EBWebView\Default
2026-10-06 04:49:21.385: [INFO] MostRecentlyActiveProfile: name=Profile 1 path=E:\Codegnan\Advance-Java\.metadata\.plugins\org.eclipse.swt\EBWebView\Default lastActive=2026-09-22T05:13:26.245Z
2026-10-06 04:49:21.385: [INFO] OnDoneLoading sync enabled: 0
2026-10-06 04:49:21.385: [INFO] BookmarkModelLoaded, ids_reassigned: 0
2026-10-06 04:49:21.385: [INFO] BookmarksLoadDropped droppedNodes=0
2026-10-06 04:49:21.385: [INFO] BookmarksSnapshot Startup total=0 bar=0 other=0 mobile=0 showBar=0 showBarNTP=1
2026-10-06 04:57:37.000: [INFO] BookmarksSnapshot Shutdown total=0 bar=0 other=0 mobile=0 showBar=0 showBarNTP=1
2026-10-06 04:57:37.079: [INFO] CurrentProfilePath: E:\Codegnan\Advance-Java\.metadata\.plugins\org.eclipse.swt\EBWebView\Default
2026-10-06 04:57:37.079: [INFO] Profiles total count: 1
2026-10-06 04:57:37.079: [INFO] Profile: name=Profile 1 path=E:\Codegnan\Advance-Java\.metadata\.plugins\org.eclipse.swt\EBWebView\Default lastActive=2026-09-22T05:13:26.245Z
2026-10-06 04:57:37.079: [INFO] LastUsedProfileDir: E:\Codegnan\Advance-Java\.metadata\.plugins\org.eclipse.swt\EBWebView\Default
2026-10-06 04:57:37.079: [INFO] MostRecentlyActiveProfile: name=Profile 1 path=E:\Codegnan\Advance-Java\.metadata\.plugins\org.eclipse.swt\EBWebView\Default lastActive=2026-09-22T05:13:26.245Z
2026-10-06 04:57:37.079: [INFO] OnDoneLoading sync enabled: 0
2026-10-06 04:57:37.079: [INFO] BookmarkModelLoaded, ids_reassigned: 0
2026-10-06 04:57:37.079: [INFO] BookmarksLoadDropped droppedNodes=0
2026-10-06 04:57:37.079: [INFO] BookmarksSnapshot Startup total=0 bar=0 other=0 mobile=0 showBar=0 showBarNTP=1
2026-10-06 05:55:29.564: [INFO] BookmarksSnapshot Shutdown total=0 bar=0 other=0 mobile=0 showBar=0 showBarNTP=1
2026-10-08 04:26:56.983: [INFO] CurrentProfilePath: E:\Codegnan\Advance-Java\.metadata\.plugins\org.eclipse.swt\EBWebView\Default
2026-10-08 04:26:56.983: [INFO] Profiles total count: 1
2026-10-08 04:26:56.983: [INFO] Profile: name=Profile 1 path=E:\Codegnan\Advance-Java\.metadata\.plugins\org.eclipse.swt\EBWebView\Default lastActive=2026-09-22T05:13:26.245Z
2026-10-08 04:26:56.983: [INFO] LastUsedProfileDir: E:\Codegnan\Advance-Java\.metadata\.plugins\org.eclipse.swt\EBWebView\Default
2026-10-08 04:26:56.983: [INFO] MostRecentlyActiveProfile: name=Profile 1 path=E:\Codegnan\Advance-Java\.metadata\.plugins\org.eclipse.swt\EBWebView\Default lastActive=2026-09-22T05:13:26.245Z
2026-10-08 04:26:56.983: [INFO] OnDoneLoading sync enabled: 0
2026-10-08 04:26:56.983: [INFO] BookmarkModelLoaded, ids_reassigned: 0
2026-10-08 04:26:56.983: [INFO] BookmarksLoadDropped droppedNodes=0
2026-10-08 04:26:56.983: [INFO] BookmarksSnapshot Startup total=0 bar=0 other=0 mobile=0 showBar=0 showBarNTP=1
2026-10-08 04:27:03.834: [INFO] BookmarksSnapshot Shutdown total=0 bar=0 other=0 mobile=0 showBar=0 showBarNTP=1
